2026-03-28 16:44:42,331 - INFO - Model loaded successfully
2026-03-28 16:44:42,359 - INFO - [31m[1mWARNING: This is a development server. Do not use it in a production deployment. Use a production WSGI server instead.[0m
 * Running on http://127.0.0.1:5000
2026-03-28 16:44:42,359 - INFO - [33mPress CTRL+C to quit[0m
2026-03-28 16:44:42,361 - INFO -  * Restarting with stat
2026-03-28 16:44:43,771 - INFO - Model loaded successfully
2026-03-28 16:44:43,786 - WARNING -  * Debugger is active!
2026-03-28 16:44:43,798 - INFO -  * Debugger PIN: 302-922-941
2026-03-28 16:45:27,075 - INFO - Model loaded successfully
2026-03-28 16:45:27,097 - INFO - [31m[1mWARNING: This is a development server. Do not use it in a production deployment. Use a production WSGI server instead.[0m
 * Running on http://127.0.0.1:5000
2026-03-28 16:45:27,098 - INFO - [33mPress CTRL+C to quit[0m
2026-03-28 16:45:27,099 - INFO -  * Restarting with stat
2026-03-28 16:45:28,527 - INFO - Model loaded successfully
2026-03-28 16:45:28,541 - WARNING -  * Debugger is active!
2026-03-28 16:45:28,545 - INFO -  * Debugger PIN: 302-922-941
2026-03-28 16:47:22,172 - INFO - Model loaded successfully
2026-03-28 16:47:22,195 - INFO - [31m[1mWARNING: This is a development server. Do not use it in a production deployment. Use a production WSGI server instead.[0m
 * Running on http://127.0.0.1:5000
2026-03-28 16:47:22,195 - INFO - [33mPress CTRL+C to quit[0m
2026-03-28 16:47:22,196 - INFO -  * Restarting with stat
2026-03-28 16:47:23,575 - INFO - Model loaded successfully
2026-03-28 16:47:23,589 - WARNING -  * Debugger is active!
2026-03-28 16:47:23,594 - INFO -  * Debugger PIN: 302-922-941
2026-03-28 16:48:29,821 - INFO - Model loaded successfully
2026-03-28 16:48:29,843 - INFO - [31m[1mWARNING: This is a development server. Do not use it in a production deployment. Use a production WSGI server instead.[0m
 * Running on http://127.0.0.1:5000
2026-03-28 16:48:29,843 - INFO - [33mPress CTRL+C to quit[0m
2026-03-28 16:48:29,844 - INFO -  * Restarting with stat
2026-03-28 16:48:31,277 - INFO - Model loaded successfully
2026-03-28 16:48:31,291 - WARNING -  * Debugger is active!
2026-03-28 16:48:31,296 - INFO -  * Debugger PIN: 302-922-941
2026-03-28 16:49:41,310 - INFO - Model loaded successfully
2026-03-28 16:49:51,597 - INFO - Model loaded successfully
2026-03-28 16:49:51,625 - INFO - [31m[1mWARNING: This is a development server. Do not use it in a production deployment. Use a production WSGI server instead.[0m
 * Running on http://127.0.0.1:5000
2026-03-28 16:49:51,625 - INFO - [33mPress CTRL+C to quit[0m
2026-03-28 16:49:51,626 - INFO -  * Restarting with stat
2026-03-28 16:49:53,040 - INFO - Model loaded successfully
2026-03-28 16:49:53,055 - WARNING -  * Debugger is active!
2026-03-28 16:49:53,059 - INFO -  * Debugger PIN: 102-512-709
2026-03-28 16:54:15,051 - INFO -  * Detected change in '/home/mohith-reddy-yannam/Desktop/heart-disease-prediction-using-machine-learning-with-flask-main/p1_heartdiseaseprediction/app.py', reloading
2026-03-28 16:54:15,551 - INFO -  * Restarting with stat
2026-03-28 16:54:17,135 - INFO - Model loaded successfully
2026-03-28 16:54:17,150 - WARNING -  * Debugger is active!
2026-03-28 16:54:17,154 - INFO -  * Debugger PIN: 102-512-709
